
[TestError - 1]

[error]
---

[TestSuccess - 1]
[success]
---
